../Core/Src/main.c:89:5:main	8	static
../Core/Src/main.c:144:6:SystemClock_Config	88	static
../Core/Src/main.c:191:13:MX_TIM2_Init	32	static
../Core/Src/main.c:239:13:MX_TIM3_Init	64	static
../Core/Src/main.c:302:13:MX_TIM4_Init	56	static
../Core/Src/main.c:351:13:MX_UART4_Init	8	static
../Core/Src/main.c:382:13:MX_DMA_Init	16	static
../Core/Src/main.c:403:13:MX_GPIO_Init	48	static
../Core/Src/main.c:460:6:HAL_UART_RxCpltCallback	16	static
../Core/Src/main.c:491:6:HAL_GPIO_EXTI_Callback	16	static
../Core/Src/main.c:534:6:moveForward	8	static
../Core/Src/main.c:548:6:moveBackward	8	static
../Core/Src/main.c:562:6:moveLeft	8	static
../Core/Src/main.c:576:6:moveRight	8	static
../Core/Src/main.c:590:6:stopMotor	8	static
../Core/Src/main.c:609:6:Error_Handler	4	static,ignoring_inline_asm
