../Core/Src/main.c:93:5:main	8	static
../Core/Src/main.c:152:6:SystemClock_Config	88	static
../Core/Src/main.c:199:13:MX_TIM2_Init	32	static
../Core/Src/main.c:247:13:MX_TIM3_Init	64	static
../Core/Src/main.c:310:13:MX_TIM4_Init	32	static
../Core/Src/main.c:359:13:MX_UART4_Init	8	static
../Core/Src/main.c:390:13:MX_DMA_Init	16	static
../Core/Src/main.c:411:13:MX_GPIO_Init	48	static
../Core/Src/main.c:468:6:HAL_UART_RxCpltCallback	16	static
../Core/Src/main.c:499:6:HAL_GPIO_EXTI_Callback	16	static
../Core/Src/main.c:549:6:HAL_TIM_PeriodElapsedCallback	16	static
../Core/Src/main.c:561:6:moveForward	8	static
../Core/Src/main.c:575:6:moveBackward	8	static
../Core/Src/main.c:589:6:moveLeft	8	static
../Core/Src/main.c:603:6:moveRight	8	static
../Core/Src/main.c:617:6:stopMotor	8	static
../Core/Src/main.c:636:6:Error_Handler	4	static,ignoring_inline_asm
